13:32:19 **** Auto Build of configuration Debug for project EDI610_VGA_Demo ****
make all 
'Building file: ../src/main.c'
'Invoking: MicroBlaze gcc compiler'
mb-gcc -Wall -O0 -g3 -c -fmessage-length=0 -MT"src/main.o" -I../../EDI610_VGA_Demo_bsp/microblaze_0/include -mlittle-endian -mcpu=v9.6 -mxl-soft-mul -Wl,--no-relax -MMD -MP -MF"src/main.d" -MT"src/main.o" -o "src/main.o" "../src/main.c"
../src/main.c:46:0: warning: "TRUE" redefined
 #define TRUE 1
 ^
In file included from ../src/vga.h:11:0,
                 from ../src/main.c:38:
../../EDI610_VGA_Demo_bsp/microblaze_0/include/xil_types.h:63:0: note: this is the location of the previous definition
 #  define TRUE  1U
 ^
../src/main.c:47:0: warning: "FALSE" redefined
 #define FALSE 0
 ^
In file included from ../src/vga.h:11:0,
                 from ../src/main.c:38:
../../EDI610_VGA_Demo_bsp/microblaze_0/include/xil_types.h:67:0: note: this is the location of the previous definition
 #  define FALSE  0U
 ^
../src/main.c: In function 'main':
../src/main.c:115:16: warning: passing argument 1 of 'drawString' discards 'const' qualifier from pointer target type [-Wdiscarded-qualifiers]
     drawString(title, 8, 110, 65, 100, COLOR_WHITE);
                ^
In file included from ../src/main.c:45:0:
../src/numerals.h:12:6: note: expected 'char *' but argument is of type 'const char *'
 void drawString(char string[],char sizeOfArray, int size, int posX, int posY, char color);
      ^
../src/main.c:121:18: warning: passing argument 1 of 'drawString' discards 'const' qualifier from pointer target type [-Wdiscarded-qualifiers]
       drawString(newGame, 8, 30, 210, 250, COLOR_BLACK);
                  ^
In file included from ../src/main.c:45:0:
../src/numerals.h:12:6: note: expected 'char *' but argument is of type 'const char *'
 void drawString(char string[],char sizeOfArray, int size, int posX, int posY, char color);
      ^
../src/main.c:122:18: warning: passing argument 1 of 'drawString' discards 'const' qualifier from pointer target type [-Wdiscarded-qualifiers]
       drawString(leaderboard, 11, 30, 180, 300, COLOR_WHITE);
                  ^
In file included from ../src/main.c:45:0:
../src/numerals.h:12:6: note: expected 'char *' but argument is of type 'const char *'
 void drawString(char string[],char sizeOfArray, int size, int posX, int posY, char color);
      ^
../src/main.c:129:18: warning: passing argument 1 of 'drawString' discards 'const' qualifier from pointer target type [-Wdiscarded-qualifiers]
       drawString(newGame, 8, 30, 210, 250, COLOR_WHITE);
                  ^
In file included from ../src/main.c:45:0:
../src/numerals.h:12:6: note: expected 'char *' but argument is of type 'const char *'
 void drawString(char string[],char sizeOfArray, int size, int posX, int posY, char color);
      ^
../src/main.c:130:18: warning: passing argument 1 of 'drawString' discards 'const' qualifier from pointer target type [-Wdiscarded-qualifiers]
       drawString(leaderboard, 11, 30, 180, 300, COLOR_BLACK);
                  ^
In file included from ../src/main.c:45:0:
../src/numerals.h:12:6: note: expected 'char *' but argument is of type 'const char *'
 void drawString(char string[],char sizeOfArray, int size, int posX, int posY, char color);
      ^
../src/main.c:152:16: warning: passing argument 1 of 'drawString' discards 'const' qualifier from pointer target type [-Wdiscarded-qualifiers]
     drawString(gameOver, 9, 100, 55, 80, COLOR_WHITE);
                ^
In file included from ../src/main.c:45:0:
../src/numerals.h:12:6: note: expected 'char *' but argument is of type 'const char *'
 void drawString(char string[],char sizeOfArray, int size, int posX, int posY, char color);
      ^
../src/main.c: In function 'moveShot':
../src/main.c:541:5: warning: implicit declaration of function 'spawnSmallerAsteroids' [-Wimplicit-function-declaration]
     spawnSmallerAsteroids(collided);
     ^
../src/main.c: In function 'detectLaserCollision':
../src/main.c:560:17: warning: implicit declaration of function 'abs' [-Wimplicit-function-declaration]
    int deltaX = abs(x - asteroidArray[i].x);
                 ^
../src/main.c: In function 'destroyAsteroid':
../src/main.c:584:25: warning: passing argument 3 of 'drawCircle' from incompatible pointer type [-Wincompatible-pointer-types]
  drawCircle(a->x, a->y, a->size, COLOR_BLACK);
                         ^
In file included from ../src/main.c:38:0:
../src/vga.h:42:6: note: expected 'int8_t * {aka signed char *}' but argument is of type 'int8_t (*)[32] {aka signed char (*)[32]}'
 void drawCircle(int x, int y, int8_t AsteroidArray[], unsigned char color);
      ^
../src/main.c: At top level:
../src/main.c:587:6: warning: conflicting types for 'spawnSmallerAsteroids'
 void spawnSmallerAsteroids(int8_t size)
      ^
../src/main.c:541:5: note: previous implicit declaration of 'spawnSmallerAsteroids' was here
     spawnSmallerAsteroids(collided);
     ^
In file included from ../src/main.c:38:0:
../src/vga.h:25:13: warning: 'playerX' defined but not used [-Wunused-variable]
 static char playerX[72] = {0, -11, 11, -3, -7, 12, -7, -3, 14, -10, 0, 14, -12, 3, 14, -14, 7, 13, -14, 10, 10, -14, 12, 7, -13, 14, 3, -10, 14, 0, -7, 14, -3, -3, 13, -7, 0, 10, -10, 3, 7, -12, 7, 3, -14, 10, 0, -14, 12, -3, -14, 14, -7, -13, 14, -10, -10, 14, -12, -7, 13, -14, -3, 10, -14, 0, 7, -14, 3, 3, -13, 7};
             ^
In file included from ../src/main.c:38:0:
../src/vga.h:26:13: warning: 'playerY' defined but not used [-Wunused-variable]
 static char playerY[72] = {15, -11, -11, 14, -12, -7, 12, -14, -3, 10, -14, 0, 7, -14, 3, 3, -13, 7, 0, -10, 10, -3, -7, 12, -7, -3, 14, -10, 0, 14, -12, 3, 14, -14, 7, 13, -14, 10, 10, -14, 12, 7, -13, 14, 3, -10, 14, 0, -7, 14, -3, -3, 13, -7, 0, 10, -10, 3, 7, -12, 7, 3, -14, 10, 0, -14, 12, -3, -14, 14, -7, -13};
             ^
In file included from ../src/main.c:43:0:
../src/Asteroid.h:24:15: warning: 'AsteroidSmall' defined but not used [-Wunused-variable]
 static int8_t AsteroidSmall[]  =  {20, 0, 18, 8, 13, 14, 6, 19, -2, 19, -9, 17, -16, 11, -19, 4, -19, -4, -16, -11, -10, -17, -2, -19, 6, -19, 13, -14, 18, -8, 20, 0}; //Radius = 20
               ^
In file included from ../src/main.c:43:0:
../src/Asteroid.h:25:15: warning: 'AsteroidMedium' defined but not used [-Wunused-variable]
 static int8_t AsteroidMedium[]  =  {40, 0, 36, 16, 26, 29, 12, 38, -4, 39, -19, 34, -32, 23, -39, 8, -39, -8, -32, -23, -20, -34, -4, -39, 12, -38, 26, -29, 36, -16, 40, 0}; //Radius = 40
               ^
../src/Asteroid.h:26:15: warning: 'AsteroidLarge' defined but not used [-Wunused-variable]
 static int8_t AsteroidLarge[]  =  {60, 0, 54, 24, 40, 44, 18, 57, -6, 59, -29, 51, -48, 35, -58, 12, -58, -12, -48, -35, -30, -51, -6, -59, 18, -57, 40, -44, 54, -24, 60, 0}; //Radius = 60
               ^
../src/Asteroid.h:27:15: warning: 'AsteroidXLarge' defined but not used [-Wunused-variable]
 static int8_t AsteroidXLarge[]  =  {100, 0, 91, 40, 66, 74, 30, 95, -10, 99, -49, 86, -80, 58, -97, 20, -97, -20, -80, -58, -50, -86, -10, -99, 30, -95, 66, -74, 91, -40, 100, 0}; //Radius = 100
               ^
'Finished building: ../src/main.c'
' '
'Building target: EDI610_VGA_Demo.elf'
'Invoking: MicroBlaze gcc linker'
mb-gcc -Wl,-T -Wl,../src/lscript.ld -L../../EDI610_VGA_Demo_bsp/microblaze_0/lib -mlittle-endian -mcpu=v9.6 -mxl-soft-mul -Wl,--no-relax -o "EDI610_VGA_Demo.elf"  ./src/Asteroid.o ./src/displays.o ./src/interrupt_controller.o ./src/main.o ./src/microBlaze.o ./src/numerals.o ./src/timer.o ./src/vga.o   -Wl,--start-group,-lxil,-lgcc,-lc,--end-group
'Finished building target: EDI610_VGA_Demo.elf'
' '
'Invoking: MicroBlaze Print Size'
mb-size EDI610_VGA_Demo.elf  |tee "EDI610_VGA_Demo.elf.size"
   text	   data	    bss	    dec	    hex	filename
  91640	   1196	  19436	 112272	  1b690	EDI610_VGA_Demo.elf
'Finished building: EDI610_VGA_Demo.elf.size'
' '

13:32:22 Build Finished (took 3s.219ms)

